I'm sorry, but errors were detected in your script. Please correct the
errors listed below, and try again.


File "game/images.rpy", line 2: ATL statement contains two expressions in a row; is one of them a misspelled property? If not, separate them with pass.
    title left
              ^

Ren'Py Version: Ren'Py 8.2.0.24012702
Wed Oct 30 10:50:30 2024
